[     171ms] [WARNING] document.domain mutation is ignored because the surrounding agent cluster is origin-keyed. @ https://bailian.console.aliyun.com/cn-beijing?tab=plan:140
[     171ms] [WARNING] document.domain mutation is ignored because the surrounding agent cluster is origin-keyed. @ https://g.alicdn.com/isipfe/efm-fe/3.5.639/url-mapping.js:0
[     171ms] [WARNING] document.domain mutation is ignored because the surrounding agent cluster is origin-keyed. @ https://g.alicdn.com/isipfe/efm-fe/3.5.639/bootstrap.js:0
[     172ms] [LOG] ██╗  ██╗██╗                                     
██║  ██║██║                                     
███████║██║                                     
██╔══██║██║                                     
██║  ██║██║▄█╗                                  
╚═╝  ╚═╝╚═╝╚═╝                                  
                                                
██████╗  █████╗ ██╗██╗     ██╗ █████╗ ███╗   ██╗
██╔══██╗██╔══██╗██║██║     ██║██╔══██╗████╗  ██║
██████╔╝███████║██║██║     ██║███████║██╔██╗ ██║
██╔══██╗██╔══██║██║██║     ██║██╔══██║██║╚██╗██║
██████╔╝██║  ██║██║███████╗██║██║  ██║██║ ╚████║
╚═════╝ ╚═╝  ╚═╝╚═╝╚══════╝╚═╝╚═╝  ╚═╝╚═╝  ╚═══╝
                                                 @ https://g.alicdn.com/isipfe/efm-fe/3.4.232/noopconsole.js:0
[   61964ms] [WARNING] var __dworker_1785557855556__={};
__dworker_1785557855556__.default=function(e,t){for(var n in t){var r=t[n],o=!1;if("[object Array]"===Object.prototype.toString.call(r))for(var i=0;i<r.length;i++){var a=r[i];for(var u in a)if("customInfo"!==u){var c=a[u];switch(Object.prototype.toString.call(c)){case"[object RegExp]":o=c.test(e[u]);break;case"[object String]":o=c===e[u];break;default:o=e[u]===c}if(!o)break}if(o)return[n,a.customInfo]}}return[]};

(function M(e,t,n){e.addEventListener("message",(function(r){var o=r.data;try{var i=o.id;if("RPC"!==o.type||null==i)return;if(o.method){var a=t[o.method];null==a?e.postMessage({type:"RPC",id:i,error:"NO_SUCH_METHOD"}):Promise.resolve().then((function(){return a.apply(null,o.params)})).then((function(t){e.postMessage({type:"RPC",id:i,result:t})})).catch((function(t){e.postMessage({type:"RPC",id:i,error:""+t})}))}else{var u=n[i];if(null==u)throw Error("Unknown callback ".concat(i));delete n[i],o.error?u[1](Error(o.error)):u[0](o.result)}}catch(e){console.error("worker addEventListener error",e)}}))})(self,__dworker_1785557855556__,{}); @ https://o.alicdn.com/dawn/dawn-tracker-aliyun/index.umd.js:0
[   62169ms] [WARNING] var __dworker_1785557855761__={};
__dworker_1785557855761__.default=function(e,t){for(var n in t){var r=t[n],o=!1;if("[object Array]"===Object.prototype.toString.call(r))for(var i=0;i<r.length;i++){var a=r[i];for(var u in a)if("customInfo"!==u){var c=a[u];switch(Object.prototype.toString.call(c)){case"[object RegExp]":o=c.test(e[u]);break;case"[object String]":o=c===e[u];break;default:o=e[u]===c}if(!o)break}if(o)return[n,a.customInfo]}}return[]};

(function M(e,t,n){e.addEventListener("message",(function(r){var o=r.data;try{var i=o.id;if("RPC"!==o.type||null==i)return;if(o.method){var a=t[o.method];null==a?e.postMessage({type:"RPC",id:i,error:"NO_SUCH_METHOD"}):Promise.resolve().then((function(){return a.apply(null,o.params)})).then((function(t){e.postMessage({type:"RPC",id:i,result:t})})).catch((function(t){e.postMessage({type:"RPC",id:i,error:""+t})}))}else{var u=n[i];if(null==u)throw Error("Unknown callback ".concat(i));delete n[i],o.error?u[1](Error(o.error)):u[0](o.result)}}catch(e){console.error("worker addEventListener error",e)}}))})(self,__dworker_1785557855761__,{}); @ https://o.alicdn.com/dawn/dawn-tracker-aliyun/index.umd.js:0
[   62177ms] [WARNING] var __dworker_1785557855769__={};
__dworker_1785557855769__.default=function(e,t){for(var n in t){var r=t[n],o=!1;if("[object Array]"===Object.prototype.toString.call(r))for(var i=0;i<r.length;i++){var a=r[i];for(var u in a)if("customInfo"!==u){var c=a[u];switch(Object.prototype.toString.call(c)){case"[object RegExp]":o=c.test(e[u]);break;case"[object String]":o=c===e[u];break;default:o=e[u]===c}if(!o)break}if(o)return[n,a.customInfo]}}return[]};

(function M(e,t,n){e.addEventListener("message",(function(r){var o=r.data;try{var i=o.id;if("RPC"!==o.type||null==i)return;if(o.method){var a=t[o.method];null==a?e.postMessage({type:"RPC",id:i,error:"NO_SUCH_METHOD"}):Promise.resolve().then((function(){return a.apply(null,o.params)})).then((function(t){e.postMessage({type:"RPC",id:i,result:t})})).catch((function(t){e.postMessage({type:"RPC",id:i,error:""+t})}))}else{var u=n[i];if(null==u)throw Error("Unknown callback ".concat(i));delete n[i],o.error?u[1](Error(o.error)):u[0](o.result)}}catch(e){console.error("worker addEventListener error",e)}}))})(self,__dworker_1785557855769__,{}); @ https://o.alicdn.com/dawn/dawn-tracker-aliyun/index.umd.js:0
[   62218ms] [LOG] null @ https://g.alicdn.com/aliyun-havana/fe-account-login-reg/0.0.17/umi.js:17
[   62241ms] [LOG] goldlogReport page_show EXP {refererHost: undefined, refererHostValid: undefined} @ https://g.alicdn.com/aliyun-havana/havana-nlogin/0.9.61/index.js:0
[   62252ms] [LOG] goldlogReport postMessage OTHER {url: https%3A%2F%2Faccount.aliyun.com%2F, isWhiteList: undefined} @ https://g.alicdn.com/aliyun-havana/havana-nlogin/0.9.61/index.js:0
[   62275ms] [LOG] Sat Aug 01 2026 12:17:35 GMT+0800 (中国标准时间) @ https://g.alicdn.com/AWSC/et/1.83.41/et_f.js:1
[   62285ms] [VERBOSE] [DOM] Input elements should have autocomplete attributes (suggested: "current-password"): (More info: https://goo.gl/9p2vKq) %o @ https://passport.aliyun.com/havanaone/login/login.htm?lang=zh_CN&appName=aliyun&appEntrance=aliyun_pc_pwd&styleType=vertical&bizParams=&notLoadSsoView=true&notKeepLogin=true&isMobile=false&targetId=alibaba-login-iframe&redirectType=iframeRedirect&returnUrl=https%3A%2F%2Faccount.aliyun.com%2Flogin%2Flogin_aliyun%3FresType%3Dhtml%26boxEntrance%3Dmini%26loginScene%3DfastLogin%26oauth_callback%3Dhttps%3A%2F%2Fbailian.console.aliyun.com%2Fcn-beijing%3Ftab%3Dplan%23%2Fefm%2Fsubscription%2Ftoken-plan%2Fpersonal%26log_channel%3Ddialog%26log_platform%3Dpc%26login_log_entrance%3Dofficial%26login_method%3Dpwd_login%26log_biz%3Daliyun%26bizPassParams%3D%257B%2522tenantName%2522%253A%2522website%2522%252C%2522isDialogReg%2522%253Atrue%252C%2522action%2522%253A%2522login%2522%257D&cssUrl=&regUrl=https://account.aliyun.com/register/qr_register.htm?oauth_callback=https%3A%2F%2Fbailian.console.aliyun.com%2Fcn-beijing%3Ftab%3Dplan%23%2Fefm%2Fsubscription%2Ftoken-plan%2Fpersonal&bizPassParams=%7B%22tenantName%22%3A%22website%22%2C%22isDialogReg%22%3Atrue%2C%22action%22%3A%22login%22%7D&rnd=0.24708673722261298:0
[   62294ms] [LOG] null @ https://g.alicdn.com/aliyun-havana/fe-account-login-reg/0.0.17/umi.js:17
[   62304ms] [WARNING] var __dworker_1785557855896__={};
__dworker_1785557855896__.default=function(e,t){for(var n in t){var r=t[n],o=!1;if("[object Array]"===Object.prototype.toString.call(r))for(var i=0;i<r.length;i++){var a=r[i];for(var u in a)if("customInfo"!==u){var c=a[u];switch(Object.prototype.toString.call(c)){case"[object RegExp]":o=c.test(e[u]);break;case"[object String]":o=c===e[u];break;default:o=e[u]===c}if(!o)break}if(o)return[n,a.customInfo]}}return[]};

(function M(e,t,n){e.addEventListener("message",(function(r){var o=r.data;try{var i=o.id;if("RPC"!==o.type||null==i)return;if(o.method){var a=t[o.method];null==a?e.postMessage({type:"RPC",id:i,error:"NO_SUCH_METHOD"}):Promise.resolve().then((function(){return a.apply(null,o.params)})).then((function(t){e.postMessage({type:"RPC",id:i,result:t})})).catch((function(t){e.postMessage({type:"RPC",id:i,error:""+t})}))}else{var u=n[i];if(null==u)throw Error("Unknown callback ".concat(i));delete n[i],o.error?u[1](Error(o.error)):u[0](o.result)}}catch(e){console.error("worker addEventListener error",e)}}))})(self,__dworker_1785557855896__,{}); @ https://o.alicdn.com/dawn/dawn-tracker-aliyun/index.umd.js:0
[   62308ms] [WARNING] [AES] 未监测到Aplus SDK @ https://o.alicdn.com/dawn/dawn-tracker-aliyun/index.umd.js:0
[   62309ms] [LOG] goldlogReport page_show EXP {refererHost: undefined, refererHostValid: undefined} @ https://g.alicdn.com/aliyun-havana/havana-nlogin/0.9.61/index.js:0
[   62311ms] [LOG] goldlogReport postMessage OTHER {url: https%3A%2F%2Faccount.aliyun.com%2F, isWhiteList: undefined} @ https://g.alicdn.com/aliyun-havana/havana-nlogin/0.9.61/index.js:0
[   62311ms] [LOG] goldlogReport passkey.page.view CLK undefined @ https://g.alicdn.com/aliyun-havana/havana-nlogin/0.9.61/index.js:0
[   62344ms] [LOG] Sat Aug 01 2026 12:17:35 GMT+0800 (中国标准时间) @ https://g.alicdn.com/AWSC/et/1.83.41/et_f.js:1
[   62372ms] [ERROR] Permissions policy violation: accelerometer is not allowed in this document. @ https://g.alicdn.com/AWSC/fireyejs/1.231.69/fireyejs.js:0
[   62372ms] [WARNING] The deviceorientation events are blocked by permissions policy. See https://github.com/w3c/webappsec-permissions-policy/blob/master/features.md#sensor-features @ https://g.alicdn.com/AWSC/fireyejs/1.231.69/fireyejs.js:0
[   62392ms] [LOG] Sat Aug 01 2026 12:17:35 GMT+0800 (中国标准时间) @ https://g.alicdn.com/AWSC/et/1.83.41/et_f.js:1
[   62397ms] [ERROR] Permissions policy violation: accelerometer is not allowed in this document. @ https://g.alicdn.com/AWSC/fireyejs/1.231.69/fireyejs.js:0
[   62397ms] [WARNING] The deviceorientation events are blocked by permissions policy. See https://github.com/w3c/webappsec-permissions-policy/blob/master/features.md#sensor-features @ https://g.alicdn.com/AWSC/fireyejs/1.231.69/fireyejs.js:0
[   62406ms] [ERROR] Permissions policy violation: accelerometer is not allowed in this document. @ https://g.alicdn.com/AWSC/fireyejs/1.231.69/fireyejs.js:0
[   62406ms] [WARNING] The deviceorientation events are blocked by permissions policy. See https://github.com/w3c/webappsec-permissions-policy/blob/master/features.md#sensor-features @ https://g.alicdn.com/AWSC/fireyejs/1.231.69/fireyejs.js:0
[   62635ms] [LOG] Sat Aug 01 2026 12:17:36 GMT+0800 (中国标准时间) @ https://g.alicdn.com/AWSC/et/1.83.41/et_f.js:1
[   62953ms] [LOG] goldlogReport postMessage OTHER {url: https%3A%2F%2Faccount.aliyun.com%2F, isWhiteList: undefined} @ https://g.alicdn.com/aliyun-havana/havana-nlogin/0.9.61/index.js:0
[   62954ms] [LOG] resize {action: resizeIframe, height: 168, width: 400} @ https://g.alicdn.com/aliyun-havana/havana-nlogin/0.9.61/index.js:0
[   62954ms] [LOG] goldlogReport postMessage OTHER {url: https%3A%2F%2Faccount.aliyun.com%2F, isWhiteList: undefined} @ https://g.alicdn.com/aliyun-havana/havana-nlogin/0.9.61/index.js:0
[   63013ms] [LOG] goldlogReport postMessage OTHER {url: https%3A%2F%2Faccount.aliyun.com%2F, isWhiteList: undefined} @ https://g.alicdn.com/aliyun-havana/havana-nlogin/0.9.61/index.js:0
[   63013ms] [LOG] resize {action: resizeIframe, height: 168, width: 400} @ https://g.alicdn.com/aliyun-havana/havana-nlogin/0.9.61/index.js:0
[   63013ms] [LOG] goldlogReport postMessage OTHER {url: https%3A%2F%2Faccount.aliyun.com%2F, isWhiteList: undefined} @ https://g.alicdn.com/aliyun-havana/havana-nlogin/0.9.61/index.js:0
[   72718ms] [WARNING] document.domain mutation is ignored because the surrounding agent cluster is origin-keyed. @ https://bailian.console.aliyun.com/cn-beijing?tab=plan:167
[   72718ms] [WARNING] document.domain mutation is ignored because the surrounding agent cluster is origin-keyed. @ https://g.alicdn.com/isipfe/efm-fe/3.5.639/url-mapping.js:0
[   72718ms] [WARNING] document.domain mutation is ignored because the surrounding agent cluster is origin-keyed. @ https://g.alicdn.com/isipfe/efm-fe/3.5.639/bootstrap.js:0
[   72719ms] [LOG] ██╗  ██╗██╗                                     
██║  ██║██║                                     
███████║██║                                     
██╔══██║██║                                     
██║  ██║██║▄█╗                                  
╚═╝  ╚═╝╚═╝╚═╝                                  
                                                
██████╗  █████╗ ██╗██╗     ██╗ █████╗ ███╗   ██╗
██╔══██╗██╔══██╗██║██║     ██║██╔══██╗████╗  ██║
██████╔╝███████║██║██║     ██║███████║██╔██╗ ██║
██╔══██╗██╔══██║██║██║     ██║██╔══██║██║╚██╗██║
██████╔╝██║  ██║██║███████╗██║██║  ██║██║ ╚████║
╚═════╝ ╚═╝  ╚═╝╚═╝╚══════╝╚═╝╚═╝  ╚═╝╚═╝  ╚═══╝
                                                 @ https://g.alicdn.com/isipfe/efm-fe/3.4.232/noopconsole.js:0
